    Blocking waiting for file lock on package cache
    Updating crates.io index
    Blocking waiting for file lock on package cache
    Blocking waiting for file lock on package cache
    Blocking waiting for file lock on package cache
    Blocking waiting for file lock on build directory
   Compiling codespan-reporting v0.12.0
warning: unused import: `impl_element_commons`
   --> crates\bevy_flair_style\src\css_selector\element.rs:291:16
    |
291 | pub(crate) use impl_element_commons;
    |                ^^^^^^^^^^^^^^^^^^^^
    |
    = note: `#[warn(unused_imports)]` (part of `#[warn(unused)]`) on by default

warning: `bevy_flair_style` (lib) generated 1 warning (run `cargo fix --lib -p bevy_flair_style` to apply 1 suggestion)
warning: unused import: `tracing::error`
  --> crates\bevy_flair_css_parser\src\loader.rs:16:5
   |
16 | use tracing::error;
   |     ^^^^^^^^^^^^^^
   |
   = note: `#[warn(unused_imports)]` (part of `#[warn(unused)]`) on by default

warning: `bevy_flair_css_parser` (lib) generated 1 warning (run `cargo fix --lib -p bevy_flair_css_parser` to apply 1 suggestion)
   Compiling horde v0.1.0 (C:\work\bevy_superui\examples\horde)
   Compiling naga v26.0.0
   Compiling wgpu-hal v26.0.6
   Compiling naga_oil v0.19.1
   Compiling bevy_shader v0.17.3
   Compiling wgpu-core-deps-windows-linux-android v26.0.0
   Compiling wgpu-core v26.0.1
   Compiling wgpu v26.0.1
   Compiling bevy_render v0.17.3
   Compiling bevy_core_pipeline v0.17.3
   Compiling bevy_sprite_render v0.17.3
   Compiling bevy_pbr v0.17.3
   Compiling bevy_post_process v0.17.3
   Compiling bevy_anti_alias v0.17.3
   Compiling bevy_ui_render v0.17.3
   Compiling bevy_dev_tools v0.17.3
   Compiling bevy_gltf v0.17.3
   Compiling bevy_gizmos v0.17.3
   Compiling bevy_internal v0.17.3
   Compiling bevy v0.17.3
   Compiling superui_bridge v0.1.0 (C:\work\bevy_superui\crates\superui_bridge)
   Compiling superui v0.1.0 (C:\work\bevy_superui\crates\superui)
    Finished `dev` profile [unoptimized + debuginfo] target(s) in 4m 28s
