   Compiling superui_dom v0.1.0 (C:\work\bevy_superui\crates\superui_dom)
warning: fields `attrs` and `listeners` are never read
  --> crates\superui_dom\src\node.rs:26:16
   |
24 | pub struct ElementData {
   |            ----------- fields in this struct
25 |     pub tag: String,
26 |     pub(crate) attrs: Vec<(String, String)>,
   |                ^^^^^
27 |     pub(crate) listeners: Vec<Listener>,
   |                ^^^^^^^^^
   |
   = note: `ElementData` has derived impls for the traits `Debug` and `Clone`, but these are intentionally ignored during dead code analysis
   = note: `#[warn(dead_code)]` (part of `#[warn(unused)]`) on by default

warning: field `next_listener` is never read
  --> crates\superui_dom\src\tree.rs:23:16
   |
20 | pub struct Dom {
   |            --- field in this struct
...
23 |     pub(crate) next_listener: u64,
   |                ^^^^^^^^^^^^^

warning: `superui_dom` (lib) generated 2 warnings
warning: `superui_dom` (lib test) generated 2 warnings (2 duplicates)
    Finished `test` profile [unoptimized + debuginfo] target(s) in 0.57s
     Running unittests src\lib.rs (target\debug\deps\superui_dom-cacaf8fb7e944ebf.exe)

running 4 tests
test node::tests::create_element_lowercases_tag_and_stores_it ... ok
test node::tests::create_text_stores_data ... ok
test node::tests::distinct_nodes_get_distinct_handles_and_resolve ... ok
test node::tests::new_dom_has_a_document_root ... ok

test result: ok. 4 passed; 0 failed; 0 ignored; 0 measured; 0 filtered out; finished in 0.00s

   Doc-tests superui_dom

running 0 tests

test result: ok. 0 passed; 0 failed; 0 ignored; 0 measured; 0 filtered out; finished in 0.00s

